Copyright 1986-2020 Xilinx, Inc. All Rights Reserved.
----------------------------------------------------------------------------------------------
| Tool Version : Vivado v.2020.2 (win64) Build 3064766 Wed Nov 18 09:12:45 MST 2020
| Date         : Wed Mar 29 16:30:51 2023
| Host         : CEAT-ENDV350-09 running 64-bit major release  (build 9200)
| Command      : report_timing -file route_report_timing_0.rpt -rpx route_report_timing_0.rpx
| Design       : top_demo
| Device       : 7z020-clg484
| Speed File   : -1  PRODUCTION 1.12 2019-11-22
----------------------------------------------------------------------------------------------

Timing Report

Slack:                    inf
  Source:                 sw[7]
                            (input port)
  Destination:            led[5]
                            (output port)
  Path Group:             (none)
  Path Type:              Max at Slow Process Corner
  Data Path Delay:        10.107ns  (logic 5.567ns (55.078%)  route 4.540ns (44.922%))
  Logic Levels:           3  (IBUF=1 LUT4=1 OBUF=1)

    Location             Delay type                Incr(ns)  Path(ns)    Netlist Resource(s)
  -------------------------------------------------------------------    -------------------
    V9                                                0.000     0.000 r  sw[7] (IN)
                         net (fo=0)                   0.000     0.000    sw[7]
    V9                   IBUF (Prop_ibuf_I_O)         1.486     1.486 r  sw_IBUF[7]_inst/O
                         net (fo=5, routed)           2.271     3.757    dut/sw_IBUF[2]
    SLICE_X1Y25          LUT4 (Prop_lut4_I0_O)        0.152     3.909 r  dut/led_OBUF[5]_inst_i_1/O
                         net (fo=1, routed)           2.270     6.179    led_OBUF[5]
    W12                  OBUF (Prop_obuf_I_O)         3.928    10.107 r  led_OBUF[5]_inst/O
                         net (fo=0)                   0.000    10.107    led[5]
    W12                                                               r  led[5] (OUT)
  -------------------------------------------------------------------    -------------------




